// Jest Snapshot v1, https://goo.gl/fbAQLP

exports[`renders correctly 1`] = `
<Text
  className="undefined dark:text-background
       "
>
  Snapshot test!
</Text>
`;
